// Jest Snapshot v1, https://goo.gl/fbAQLP

exports[`should render correctly 1`] = `
<div>
  <div
    class="sc-bdVaJa bPGLpq"
  >
    <div
      class="sc-bwzfXH ihWLEx"
    >
      <div
        class="MuiGrid-container-1 MuiGrid-align-items-xs-center-9 MuiGrid-justify-xs-space-between-20 sc-bZQynM bOrPFB"
      >
        <div
          class="MuiGrid-item-2 sc-bZQynM bOrPFB"
        >
          <div
            class="sc-htpNat ktXyzA"
          >
            <a
              href="/"
            >
              <img
                alt="logo"
                height="40"
                src="REEEMlogo.transparent.1.svg"
                width="200"
              />
            </a>
            <div
              class="sc-bxivhb fEqXEV"
            >
              game
            </div>
            <div
              style="font-family: Montserrat; font-weight: 700; font-size: 18px; color: red; padding: 10px 40px 0px 40px;"
            >
              DISCLAIMER: THIS IS NOT A VERIFIED VERSION. VISIT LATER FOR A VALID VERSION.
            </div>
          </div>
        </div>
        <div
          class="MuiGrid-item-2 sc-bZQynM bOrPFB"
        >
          <div
            class="MuiGrid-container-1 MuiGrid-align-items-xs-center-9 MuiGrid-justify-xs-space-between-20 sc-bZQynM bOrPFB"
          >
            <div
              class="sc-EHOje fKmvao"
            />
            <div
              class="sc-gzVnrw bTOUjq"
            >
              <button
                aria-haspopup="true"
                class="MuiButtonBase-root-124 MuiButton-root-98 MuiButton-text-100 MuiButton-flat-103"
                style="text-transform: none; display: flex; color: white; background-color: transparent; margin-top: 0px;"
                tabindex="0"
                type="button"
              >
                <span
                  class="MuiButton-label-99"
                >
                  <div
                    class="sc-dnqmqq ggAkvN"
                  >
                    <svg
                      aria-hidden="true"
                      class="MuiSvgIcon-root-127"
                      focusable="false"
                      role="presentation"
                      viewBox="0 0 24 24"
                    >
                      <path
                        d="M0 0h24v24H0z"
                        fill="none"
                      />
                      <path
                        d="M12 2C6.48 2 2 6.48 2 12s4.48 10 10 10 10-4.48 10-10S17.52 2 12 2zm-1 17.93c-3.95-.49-7-3.85-7-7.93 0-.62.08-1.21.21-1.79L9 15v1c0 1.1.9 2 2 2v1.93zm6.9-2.54c-.26-.81-1-1.39-1.9-1.39h-1v-3c0-.55-.45-1-1-1H8v-2h2c.55 0 1-.45 1-1V7h2c1.1 0 2-.9 2-2v-.41c2.93 1.19 5 4.06 5 7.41 0 2.08-.8 3.97-2.1 5.39z"
                      />
                    </svg>
                  </div>
                  English
                  <div
                    class="sc-dnqmqq ggAkvN"
                  >
                    <svg
                      aria-hidden="true"
                      class="MuiSvgIcon-root-127"
                      focusable="false"
                      role="presentation"
                      viewBox="0 0 24 24"
                    >
                      <path
                        d="M16.59 8.59L12 13.17 7.41 8.59 6 10l6 6 6-6z"
                      />
                      <path
                        d="M0 0h24v24H0z"
                        fill="none"
                      />
                    </svg>
                  </div>
                </span>
                <span
                  class="MuiTouchRipple-root-238"
                />
              </button>
            </div>
            <div
              class="sc-EHOje fKmvao"
            />
            <a
              class="sc-ifAKCX dvSEDi"
              href="/about"
            >
              About
            </a>
            <a
              class="sc-ifAKCX dvSEDi"
              href="/score"
            >
              Score
            </a>
          </div>
        </div>
      </div>
    </div>
    <div
      class="MuiGrid-container-1 MuiGrid-align-items-xs-flex-start-10 MuiGrid-justify-xs-space-between-20"
    >
      <div
        class="MuiGrid-container-1 MuiGrid-item-2 MuiGrid-direction-xs-column-4 MuiGrid-align-items-xs-flex-start-10 MuiGrid-justify-xs-space-between-20 MuiGrid-grid-sm-12-55 MuiGrid-grid-md-4-61 MuiGrid-grid-lg-2-73 sc-kTUwUJ NvzJG"
        order="3"
      >
        <ul
          class="MuiList-root-136 MuiList-padding-137"
          role="menu"
        >
          <li
            class="MuiButtonBase-root-124 MuiListItem-root-143 MuiListItem-default-146 MuiListItem-gutters-151 MuiListItem-button-152 MuiMenuItem-root-140 MuiMenuItem-gutters-141"
            role="menuitem"
            tabindex="0"
          >
            <div
              class="MuiListItemText-root-155"
            >
              <span
                class="MuiTypography-root-161 MuiTypography-subheading-168 MuiListItemText-primary-158"
              >
                Electricity Demands
              </span>
            </div>
            <span
              class="MuiTouchRipple-root-238"
            />
          </li>
          <li
            class="MuiButtonBase-root-124 MuiListItem-root-143 MuiListItem-default-146 MuiListItem-gutters-151 MuiListItem-button-152 MuiMenuItem-root-140 MuiMenuItem-gutters-141"
            role="menuitem"
            tabindex="-1"
          >
            <div
              class="MuiListItemText-root-155"
            >
              <span
                class="MuiTypography-root-161 MuiTypography-subheading-168 MuiListItemText-primary-158"
              >
                Emission Limit
              </span>
            </div>
            <span
              class="MuiTouchRipple-root-238"
            />
          </li>
        </ul>
        <div
          class="sc-kEYyzF bpvAHA"
        >
          <img
            alt="EU flag"
            class="sc-iAyFgw DtLtk"
            src="http://localhost/euflag.png"
          />
          <div
            class="sc-kkGfuU cmLGEP"
          >
            This project has received funding from the European Union’s Horizon 2020 research and innovation programme under grant agreement No 691739.
          </div>
        </div>
      </div>
      <div
        class="MuiGrid-container-1 MuiGrid-item-2 MuiGrid-direction-xs-column-4 MuiGrid-align-items-xs-center-9 MuiGrid-justify-xs-space-between-20 MuiGrid-grid-sm-12-55 MuiGrid-grid-md-8-65 MuiGrid-grid-lg-4-75 sc-kTUwUJ kacDmJ"
        order="1"
      >
        <div
          class="sc-jhAzac dHLFtK"
        >
          <div
            class="MuiGrid-container-1 MuiGrid-direction-xs-column-4 MuiGrid-align-items-xs-flex-start-10 MuiGrid-justify-xs-space-between-20 sc-kjoXOD hpTAeq"
          >
            <h1
              class="sc-fMiknA eazVby"
            >
              Instructions
            </h1>
            <div
              class="sc-dVhcbM kRehBl"
            >
              In this game, you are assigned some economic, environmental and social preferences.

Your mission is simple: make climate policy choices in 2020, 2030, and 2040 to maximize the score for your assigned point of view in 2050.

Your solution is compared to the optimal score calculated by the Open Source Energy Modelling System for Europe (OSeMBE).
            </div>
            <form>
              <div
                class="MuiGrid-item-2 sc-kjoXOD hpTAeq"
              >
                <button
                  class="MuiButtonBase-root-124 MuiButton-root-98 MuiButton-text-100 MuiButton-flat-103 sc-eqIVtm eNGSVE"
                  tabindex="0"
                  type="submit"
                >
                  <span
                    class="MuiButton-label-99"
                  >
                    Start
                  </span>
                  <span
                    class="MuiTouchRipple-root-238"
                  />
                </button>
              </div>
            </form>
          </div>
        </div>
      </div>
      <div
        class="MuiGrid-container-1 MuiGrid-item-2 MuiGrid-direction-xs-column-4 MuiGrid-align-items-xs-flex-start-10 MuiGrid-justify-xs-space-between-20 MuiGrid-grid-md-12-69 MuiGrid-grid-lg-6-77 sc-kTUwUJ dkeHVS"
        order="2"
      >
        <div
          class="sc-iELTvK igYVpi"
        >
          <div
            class="sc-bYSBpT jUVsDW"
          >
            <button
              class="MuiButtonBase-root-124 MuiFab-root-213 MuiFab-sizeSmall-221 sc-elJkPf fjYwbI"
              tabindex="0"
              type="button"
            >
              <span
                class="MuiFab-label-214"
              >
                <svg
                  aria-hidden="true"
                  class="MuiSvgIcon-root-127"
                  focusable="false"
                  role="presentation"
                  viewBox="0 0 24 24"
                >
                  <path
                    d="M8 5v14l11-7z"
                  />
                  <path
                    d="M0 0h24v24H0z"
                    fill="none"
                  />
                </svg>
              </span>
              <span
                class="MuiTouchRipple-root-238"
              />
            </button>
          </div>
          <div
            class="sc-feJyhm eaaUJt"
          >
            <div
              class="sc-cmTdod fFUqwJ"
            >
              <div
                class="sc-jwKygS dFlCdc"
                max="2050"
                min="2015"
              >
                2015
              </div>
              <div
                class="sc-jwKygS dFlCdc"
                max="2050"
                min="2015"
              >
                2020
              </div>
              <div
                class="sc-jwKygS bikMnA"
                max="2050"
                min="2015"
              >
                2025
              </div>
              <div
                class="sc-jwKygS bikMnA"
                max="2050"
                min="2015"
              >
                2030
              </div>
              <div
                class="sc-jwKygS bikMnA"
                max="2050"
                min="2015"
              >
                2035
              </div>
              <div
                class="sc-jwKygS bikMnA"
                max="2050"
                min="2015"
              >
                2040
              </div>
              <div
                class="sc-jwKygS bikMnA"
                max="2050"
                min="2015"
              >
                2045
              </div>
              <div
                class="sc-jwKygS bikMnA"
                max="2050"
                min="2015"
              >
                2050
              </div>
            </div>
            <div
              class="sc-btzYZH gcFTCo"
            >
              <div
                aria-disabled="false"
                aria-orientation="horizontal"
                aria-valuemax="2050"
                aria-valuemin="2015"
                aria-valuenow="2019"
                class="MuiSlider-root-223 sc-lhVmIH iBkPsG"
                role="slider"
              >
                <div
                  class="MuiSlider-container-224"
                >
                  <div
                    class="MuiSlider-track-225 MuiSlider-trackBefore-226"
                    style="transform: translateY(-50%) scaleX(0.11428571428571428);"
                  />
                  <div
                    class="MuiSlider-thumbWrapper-228"
                    style="transform: translateX(11.428571428571429%);"
                  >
                    <button
                      class="MuiButtonBase-root-124 MuiSlider-thumb-229"
                      tabindex="0"
                      type="button"
                    />
                  </div>
                  <div
                    class="MuiSlider-track-225 MuiSlider-trackAfter-227"
                    style="transform: translateY(-50%) scaleX(0.8857142857142857);"
                  />
                </div>
              </div>
            </div>
          </div>
        </div>
        <div
          class="sc-frDJqD gZykYN"
        >
          <div
            class="sc-kvZOFW ljaOhf"
          >
            <svg>
              europe.svg
            </svg>
          </div>
        </div>
      </div>
    </div>
  </div>
</div>
`;
