// Jest Snapshot v1, https://goo.gl/fbAQLP

exports[`should render correctly 1`] = `
<div>
  <div
    class="sc-bdVaJa bPGLpq"
  >
    <div
      class="sc-bwzfXH lcjIRE"
    >
      <div
        class="sc-htpNat dAdwuX"
      >
        <a
          href="/"
        >
          <div
            class="sc-ifAKCX hrWLvt"
          >
            <img
              alt="logo"
              height="40"
              src="REEEMlogo.transparent.1.svg"
              width="200"
            />
          </div>
        </a>
        <div
          class="sc-bxivhb bckFsn"
        >
          Game
        </div>
      </div>
      <div
        class="sc-bZQynM ieVDlO"
      >
        <a
          class="sc-gzVnrw iZOwCr"
          href="/about"
        >
          About
        </a>
        <a
          class="sc-gzVnrw iZOwCr"
          href="/score"
        >
          Score
        </a>
        <button
          class="sc-EHOje efNnvT"
        >
          Share
        </button>
      </div>
    </div>
    <div
      class="sc-iwsKbI cslhIm"
    >
      <div
        class="sc-gZMcBi crAViM"
      >
        <div
          class="sc-gqjmRU iRDvLn"
        >
          Decision Container
        </div>
        <div
          class="sc-VigVT bcoFxe"
        >
          Goal Container
        </div>
      </div>
      <div
        class="sc-jTzLTM eoQMeB"
      >
        Map Container
      </div>
    </div>
  </div>
</div>
`;
